exports[`Cards should render properly 1`] = `"<div class=\"rccs\"><div class=\"rccs__card rccs__card--visa\"><div class=\"rccs__card--front\"><div class=\"rccs__issuer\"></div><div class=\"rccs__cvc--front\">457</div><div class=\"rccs__number\">4901 0903 4534 7688</div><div class=\"rccs__name\">John Smith</div><div class=\"rccs__expiry\"><div class=\"rccs__expiry__valid\">valid thru</div><div class=\"rccs__expiry__value\">12/18</div></div><div class=\"rccs__chip\"></div></div><div class=\"rccs__card--back\"><div class=\"rccs__stripe\"></div><div class=\"rccs__signature\"></div><div class=\"rccs__cvc\">457</div><div class=\"rccs__issuer\"></div></div></div></div>"`;
